// Jest Snapshot v1, https://goo.gl/fbAQLP

exports[`renders correctly: 
<div
  className="container-fluid px-5"
>
  <table
    className="table table-hover table-striped table-responsive"
  >
    <thead>
      <tr>
        <th
          scope="col"
        >
          Missions
        </th>
        <th
          scope="col"
        >
          Description
        </th>
        <th
          scope="col"
        >
          Status
        </th>
      </tr>
    </thead>
    <tbody />
  </table>
</div>
 1`] = `
<div
  className="container-fluid px-5"
>
  <table
    className="table table-hover table-striped table-responsive"
  >
    <thead>
      <tr>
        <th
          scope="col"
        >
          Missions
        </th>
        <th
          scope="col"
        >
          Description
        </th>
        <th
          scope="col"
        >
          Status
        </th>
      </tr>
    </thead>
    <tbody />
  </table>
</div>
`;
